==============================================================================
Test                                                                          
==============================================================================
Test.Listen                                                                   
==============================================================================
Open home window and check if temperature and scale is at default ... | PASS |
------------------------------------------------------------------------------
Test.Listen                                                           | PASS |
1 test, 1 passed, 0 failed
==============================================================================
Test                                                                  | PASS |
1 test, 1 passed, 0 failed
==============================================================================
Output:  C:\Users\aldo-\storyboard_workspace\webinar\test\pabot_results\0\output.xml
