==============================================================================
Test                                                                          
==============================================================================
Test.Execute                                                                  
==============================================================================
Scenario: Increase Temperature Value by 1 from default                <class 'str'>
| PASS |
------------------------------------------------------------------------------
Test.Execute                                                          | PASS |
1 test, 1 passed, 0 failed
==============================================================================
Test                                                                  | PASS |
1 test, 1 passed, 0 failed
==============================================================================
Output:  C:\Users\aldo-\storyboard_workspace\webinar\test\pabot_results\1\output.xml
